   Compiling strict-ooxml-render-svg v0.1.0 (D:\projects\StrictLib\strict-ooxml-render-svg)
    Finished `test` profile [unoptimized + debuginfo] target(s) in 0.95s
     Running tests\acceptance_return_probe.rs (target\debug\deps\acceptance_return_probe-745de1f9023d0b05.exe)

running 1 test
alignment=left, layout=39.5, pdf_shaped=39.5, delta=0
alignment=both, layout=43.291666666666664, pdf_shaped=39.5, delta=3.7916666666666643

thread 'justified_layout_matches_pdf_shaping_advance' (62000) panicked at strict-ooxml-render-svg\tests\acceptance_return_probe.rs:14:9:
layout and PDF shaping disagree for both
note: run with `RUST_BACKTRACE=1` environment variable to display a backtrace
test justified_layout_matches_pdf_shaping_advance ... FAILED

failures:

failures:
    justified_layout_matches_pdf_shaping_advance

test result: FAILED. 0 passed; 1 failed; 0 ignored; 0 measured; 0 filtered out; finished in 0.01s

error: test failed, to rerun pass `-p strict-ooxml-render-svg --test acceptance_return_probe`
     Running tests\acceptance_shape_review.rs (target\debug\deps\acceptance_shape_review-816ba83ffabecae0.exe)

running 1 test
"office": chars=6 map=6 xs=6 clusters=[ShapedCluster { byte_start: 0, byte_end: 1, advance_em: 0.52734375, glyph_ids: [111], glyph_start: 0, glyph_count: 1, x_em: 0.0 }, ShapedCluster { byte_start: 1, byte_end: 4, advance_em: 0.8076171875, glyph_ids: [76], glyph_start: 1, glyph_count: 1, x_em: 0.52734375 }, ShapedCluster { byte_start: 4, byte_end: 5, advance_em: 0.4228515625, glyph_ids: [49], glyph_start: 2, glyph_count: 1, x_em: 1.3349609375 }, ShapedCluster { byte_start: 5, byte_end: 6, advance_em: 0.49755859375, glyph_ids: [59], glyph_start: 3, glyph_count: 1, x_em: 1.7578125 }]
"e\u{301}": chars=2 map=2 xs=2 clusters=[ShapedCluster { byte_start: 0, byte_end: 3, advance_em: 0.49755859375, glyph_ids: [2007], glyph_start: 0, glyph_count: 1, x_em: 0.0 }]
"سلام": chars=4 map=4 xs=4 clusters=[ShapedCluster { byte_start: 0, byte_end: 2, advance_em: 0.5068359375, glyph_ids: [0], glyph_start: 3, glyph_count: 1, x_em: 1.5205078125 }, ShapedCluster { byte_start: 2, byte_end: 4, advance_em: 0.5068359375, glyph_ids: [0], glyph_start: 2, glyph_count: 1, x_em: 1.013671875 }, ShapedCluster { byte_start: 4, byte_end: 6, advance_em: 0.5068359375, glyph_ids: [0], glyph_start: 1, glyph_count: 1, x_em: 0.5068359375 }, ShapedCluster { byte_start: 6, byte_end: 8, advance_em: 0.5068359375, glyph_ids: [0], glyph_start: 0, glyph_count: 1, x_em: 0.0 }]
"தமிழ\u{bcd}": chars=5 map=5 xs=5 clusters=[ShapedCluster { byte_start: 0, byte_end: 3, advance_em: 0.5068359375, glyph_ids: [0], glyph_start: 0, glyph_count: 1, x_em: 0.0 }, ShapedCluster { byte_start: 3, byte_end: 6, advance_em: 0.5068359375, glyph_ids: [0], glyph_start: 1, glyph_count: 1, x_em: 0.5068359375 }, ShapedCluster { byte_start: 6, byte_end: 9, advance_em: 0.5068359375, glyph_ids: [0], glyph_start: 2, glyph_count: 1, x_em: 1.013671875 }, ShapedCluster { byte_start: 9, byte_end: 12, advance_em: 0.5068359375, glyph_ids: [0], glyph_start: 3, glyph_count: 1, x_em: 1.5205078125 }, ShapedCluster { byte_start: 12, byte_end: 15, advance_em: 0.5068359375, glyph_ids: [0], glyph_start: 4, glyph_count: 1, x_em: 2.02734375 }]
test acceptance_shaping_maps_every_scalar_even_when_degraded ... ok

test result: ok. 1 passed; 0 failed; 0 ignored; 0 measured; 0 filtered out; finished in 0.01s

error: 1 target failed:
    `-p strict-ooxml-render-svg --test acceptance_return_probe`
