warning: rendered with 1 unsupported/error mechanism(s)
normalization: conformance=unknown
  T1.namespace x25: http://schemas.openxmlformats.org/officeDocument/2006/relationships -> http://purl.oclc.org/ooxml/officeDocument/relationships
  T1.namespace-decl x75
  T2.reltype x12: http://schemas.openxmlformats.org/officeDocument/2006/relationships/officeDocument -> http://purl.oclc.org/ooxml/officeDocument/relationships/officeDocument
  T3.rename x989
  T4.measure x400: 0 -> 0pt
  T4.percent x1: 100 -> 100%
  T4.value x21: left -> start
  T5.extension-attribute x40
  T6.mce x7
  ignorable: 272
  [ignorable] /word/document.xml (namespace prefix wpc is bound to http://schemas.microsoft.com/office/word/2010/wordprocessingCanvas, which is neither the Strict form of a registered family nor an extension this pipeline removes) at /word/document.xml:1:1
  [ignorable] /word/document.xml (namespace prefix wp14 is bound to http://schemas.microsoft.com/office/word/2010/wordprocessingDrawing, which is neither the Strict form of a registered family nor an extension this pipeline removes) at /word/document.xml:1:1
  [ignorable] /word/document.xml (namespace prefix wpg is bound to http://schemas.microsoft.com/office/word/2010/wordprocessingGroup, which is neither the Strict form of a registered family nor an extension this pipeline removes) at /word/document.xml:1:1
  [ignorable] /word/document.xml (namespace prefix wpi is bound to http://schemas.microsoft.com/office/word/2010/wordprocessingInk, which is neither the Strict form of a registered family nor an extension this pipeline removes) at /word/document.xml:1:1
  [ignorable] /word/document.xml (namespace prefix wne is bound to http://schemas.microsoft.com/office/word/2006/wordml, which is neither the Strict form of a registered family nor an extension this pipeline removes) at /word/document.xml:1:1
  [ignorable] /word/document.xml (namespace prefix wps is bound to http://schemas.microsoft.com/office/word/2010/wordprocessingShape, which is neither the Strict form of a registered family nor an extension this pipeline removes) at /word/document.xml:1:1
  [ignorable] /word/document.xml (namespace prefix wpsCustomData is bound to http://www.wps.cn/officeDocument/2013/wpsCustomData, which is neither the Strict form of a registered family nor an extension this pipeline removes) at /word/document.xml:1:1
  [ignorable] /word/endnotes.xml (namespace prefix wpc is bound to http://schemas.microsoft.com/office/word/2010/wordprocessingCanvas, which is neither the Strict form of a registered family nor an extension this pipeline removes) at /word/endnotes.xml:1:1
  [ignorable] /word/endnotes.xml (namespace prefix wp14 is bound to http://schemas.microsoft.com/office/word/2010/wordprocessingDrawing, which is neither the Strict form of a registered family nor an extension this pipeline removes) at /word/endnotes.xml:1:1
  [ignorable] /word/endnotes.xml (namespace prefix wpg is bound to http://schemas.microsoft.com/office/word/2010/wordprocessingGroup, which is neither the Strict form of a registered family nor an extension this pipeline removes) at /word/endnotes.xml:1:1
  [ignorable] /word/endnotes.xml (namespace prefix wpi is bound to http://schemas.microsoft.com/office/word/2010/wordprocessingInk, which is neither the Strict form of a registered family nor an extension this pipeline removes) at /word/endnotes.xml:1:1
  [ignorable] /word/endnotes.xml (namespace prefix wne is bound to http://schemas.microsoft.com/office/word/2006/wordml, which is neither the Strict form of a registered family nor an extension this pipeline removes) at /word/endnotes.xml:1:1
  [ignorable] /word/endnotes.xml (namespace prefix wps is bound to http://schemas.microsoft.com/office/word/2010/wordprocessingShape, which is neither the Strict form of a registered family nor an extension this pipeline removes) at /word/endnotes.xml:1:1
  [ignorable] /word/endnotes.xml (namespace prefix wpsCustomData is bound to http://www.wps.cn/officeDocument/2013/wpsCustomData, which is neither the Strict form of a registered family nor an extension this pipeline removes) at /word/endnotes.xml:1:1
  [ignorable] /word/footnotes.xml (namespace prefix wpc is bound to http://schemas.microsoft.com/office/word/2010/wordprocessingCanvas, which is neither the Strict form of a registered family nor an extension this pipeline removes) at /word/footnotes.xml:1:1
  [ignorable] /word/footnotes.xml (namespace prefix wp14 is bound to http://schemas.microsoft.com/office/word/2010/wordprocessingDrawing, which is neither the Strict form of a registered family nor an extension this pipeline removes) at /word/footnotes.xml:1:1
  [ignorable] /word/footnotes.xml (namespace prefix wpg is bound to http://schemas.microsoft.com/office/word/2010/wordprocessingGroup, which is neither the Strict form of a registered family nor an extension this pipeline removes) at /word/footnotes.xml:1:1
  [ignorable] /word/footnotes.xml (namespace prefix wpi is bound to http://schemas.microsoft.com/office/word/2010/wordprocessingInk, which is neither the Strict form of a registered family nor an extension this pipeline removes) at /word/footnotes.xml:1:1
  [ignorable] /word/footnotes.xml (namespace prefix wne is bound to http://schemas.microsoft.com/office/word/2006/wordml, which is neither the Strict form of a registered family nor an extension this pipeline removes) at /word/footnotes.xml:1:1
  [ignorable] /word/footnotes.xml (namespace prefix wps is bound to http://schemas.microsoft.com/office/word/2010/wordprocessingShape, which is neither the Strict form of a registered family nor an extension this pipeline removes) at /word/footnotes.xml:1:1
  [ignorable] /word/footnotes.xml (namespace prefix wpsCustomData is bound to http://www.wps.cn/officeDocument/2013/wpsCustomData, which is neither the Strict form of a registered family nor an extension this pipeline removes) at /word/footnotes.xml:1:1
  [ignorable] /word/numbering.xml (namespace prefix wpc is bound to http://schemas.microsoft.com/office/word/2010/wordprocessingCanvas, which is neither the Strict form of a registered family nor an extension this pipeline removes) at /word/numbering.xml:1:1
  [ignorable] /word/numbering.xml (namespace prefix wp14 is bound to http://schemas.microsoft.com/office/word/2010/wordprocessingDrawing, which is neither the Strict form of a registered family nor an extension this pipeline removes) at /word/numbering.xml:1:1
  [ignorable] /word/numbering.xml (namespace prefix wpg is bound to http://schemas.microsoft.com/office/word/2010/wordprocessingGroup, which is neither the Strict form of a registered family nor an extension this pipeline removes) at /word/numbering.xml:1:1
  [ignorable] /word/numbering.xml (namespace prefix wpi is bound to http://schemas.microsoft.com/office/word/2010/wordprocessingInk, which is neither the Strict form of a registered family nor an extension this pipeline removes) at /word/numbering.xml:1:1
  [ignorable] /word/numbering.xml (namespace prefix wne is bound to http://schemas.microsoft.com/office/word/2006/wordml, which is neither the Strict form of a registered family nor an extension this pipeline removes) at /word/numbering.xml:1:1
  [ignorable] /word/numbering.xml (namespace prefix wps is bound to http://schemas.microsoft.com/office/word/2010/wordprocessingShape, which is neither the Strict form of a registered family nor an extension this pipeline removes) at /word/numbering.xml:1:1
  [ignorable] /word/numbering.xml (namespace prefix wpsCustomData is bound to http://www.wps.cn/officeDocument/2013/wpsCustomData, which is neither the Strict form of a registered family nor an extension this pipeline removes) at /word/numbering.xml:1:1
  [ignorable] /word/settings.xml (namespace prefix sl is bound to http://schemas.openxmlformats.org/schemaLibrary/2006/main, which is neither the Strict form of a registered family nor an extension this pipeline removes) at /word/settings.xml:1:1
  [ignorable] /word/settings.xml (namespace prefix wpsCustomData is bound to http://www.wps.cn/officeDocument/2013/wpsCustomData, which is neither the Strict form of a registered family nor an extension this pipeline removes) at /word/settings.xml:1:1
  [ignorable] http://schemas.microsoft.com/office/word/2010/wordml#defaultImageDpi (producer extension outside the standard; Markup Compatibility permits skipping it) at /word/settings.xml:1:1
  [ignorable] /word/styles.xml (namespace prefix sl is bound to http://schemas.openxmlformats.org/schemaLibrary/2006/main, which is neither the Strict form of a registered family nor an extension this pipeline removes) at /word/styles.xml:1:1
  [ignorable] /word/styles.xml (namespace prefix wpsCustomData is bound to http://www.wps.cn/officeDocument/2013/wpsCustomData, which is neither the Strict form of a registered family nor an extension this pipeline removes) at /word/styles.xml:1:1
  [ignorable] http://schemas.microsoft.com/office/word/2010/wordml#textFill (producer extension outside the standard; Markup Compatibility permits skipping it) at /word/styles.xml:1:1
  [ignorable] http://schemas.microsoft.com/office/word/2010/wordml#textFill (producer extension outside the standard; Markup Compatibility permits skipping it) at /word/styles.xml:1:1
  [ignorable] http://schemas.microsoft.com/office/word/2010/wordml#textFill (producer extension outside the standard; Markup Compatibility permits skipping it) at /word/styles.xml:1:1
  [ignorable] http://schemas.microsoft.com/office/word/2010/wordml#textFill (producer extension outside the standard; Markup Compatibility permits skipping it) at /word/styles.xml:1:1
  [ignorable] http://schemas.microsoft.com/office/word/2010/wordml#textFill (producer extension outside the standard; Markup Compatibility permits skipping it) at /word/styles.xml:1:1
  [ignorable] http://schemas.microsoft.com/office/word/2010/wordml#textFill (producer extension outside the standard; Markup Compatibility permits skipping it) at /word/styles.xml:1:1
  [ignorable] http://schemas.microsoft.com/office/word/2010/wordml#textFill (producer extension outside the standard; Markup Compatibility permits skipping it) at /word/styles.xml:1:1
  [ignorable] http://schemas.microsoft.com/office/word/2010/wordml#textFill (producer extension outside the standard; Markup Compatibility permits skipping it) at /word/styles.xml:1:1
  [ignorable] http://schemas.microsoft.com/office/word/2010/wordml#textFill (producer extension outside the standard; Markup Compatibility permits skipping it) at /word/styles.xml:1:1
  [ignorable] http://schemas.microsoft.com/office/word/2010/wordml#textFill (producer extension outside the standard; Markup Compatibility permits skipping it) at /word/styles.xml:1:1
  [ignorable] http://schemas.microsoft.com/office/word/2010/wordml#textFill (producer extension outside the standard; Markup Compatibility permits skipping it) at /word/styles.xml:1:1
  [ignorable] http://schemas.microsoft.com/office/word/2010/wordml#textFill (producer extension outside the standard; Markup Compatibility permits skipping it) at /word/styles.xml:1:1
  [ignorable] http://schemas.microsoft.com/office/word/2010/wordml#textFill (producer extension outside the standard; Markup Compatibility permits skipping it) at /word/styles.xml:1:1
  [ignorable] http://schemas.microsoft.com/office/word/2010/wordml#textFill (producer extension outside the standard; Markup Compatibility permits skipping it) at /word/styles.xml:1:1
  [ignorable] http://schemas.microsoft.com/office/word/2010/wordml#textFill (producer extension outside the standard; Markup Compatibility permits skipping it) at /word/styles.xml:1:1
  [ignorable] http://schemas.microsoft.com/office/word/2010/wordml#textFill (producer extension outside the standard; Markup Compatibility permits skipping it) at /word/styles.xml:1:1
  [ignorable] http://schemas.microsoft.com/office/word/2010/wordml#textFill (producer extension outside the standard; Markup Compatibility permits skipping it) at /word/styles.xml:1:1
  [ignorable] http://schemas.microsoft.com/office/word/2010/wordml#textFill (producer extension outside the standard; Markup Compatibility permits skipping it) at /word/styles.xml:1:1
  [ignorable] http://schemas.microsoft.com/office/word/2010/wordml#textFill (producer extension outside the standard; Markup Compatibility permits skipping it) at /word/styles.xml:1:1
  [ignorable] http://schemas.microsoft.com/office/word/2010/wordml#textFill (producer extension outside the standard; Markup Compatibility permits skipping it) at /word/styles.xml:1:1
  [ignorable] http://schemas.microsoft.com/office/word/2010/wordml#textFill (producer extension outside the standard; Markup Compatibility permits skipping it) at /word/styles.xml:1:1
  [ignorable] http://schemas.microsoft.com/office/word/2010/wordml#textFill (producer extension outside the standard; Markup Compatibility permits skipping it) at /word/styles.xml:1:1
  [ignorable] http://schemas.microsoft.com/office/word/2010/wordml#textFill (producer extension outside the standard; Markup Compatibility permits skipping it) at /word/styles.xml:1:1
  [ignorable] http://schemas.microsoft.com/office/word/2010/wordml#textFill (producer extension outside the standard; Markup Compatibility permits skipping it) at /word/styles.xml:1:1
  [ignorable] http://schemas.microsoft.com/office/word/2010/wordml#textFill (producer extension outside the standard; Markup Compatibility permits skipping it) at /word/styles.xml:1:1
  [ignorable] http://schemas.microsoft.com/office/word/2010/wordml#textFill (producer extension outside the standard; Markup Compatibility permits skipping it) at /word/styles.xml:1:1
  [ignorable] http://schemas.microsoft.com/office/word/2010/wordml#textFill (producer extension outside the standard; Markup Compatibility permits skipping it) at /word/styles.xml:1:1
  [ignorable] http://schemas.microsoft.com/office/word/2010/wordml#textFill (producer extension outside the standard; Markup Compatibility permits skipping it) at /word/styles.xml:1:1
  [ignorable] http://schemas.microsoft.com/office/word/2010/wordml#textFill (producer extension outside the standard; Markup Compatibility permits skipping it) at /word/styles.xml:1:1
  [ignorable] http://schemas.microsoft.com/office/word/2010/wordml#textFill (producer extension outside the standard; Markup Compatibility permits skipping it) at /word/styles.xml:1:1
  [ignorable] http://schemas.microsoft.com/office/word/2010/wordml#textFill (producer extension outside the standard; Markup Compatibility permits skipping it) at /word/styles.xml:1:1
  [ignorable] http://schemas.microsoft.com/office/word/2010/wordml#textFill (producer extension outside the standard; Markup Compatibility permits skipping it) at /word/styles.xml:1:1
  [ignorable] http://schemas.microsoft.com/office/word/2010/wordml#textFill (producer extension outside the standard; Markup Compatibility permits skipping it) at /word/styles.xml:1:1
  [ignorable] http://schemas.microsoft.com/office/word/2010/wordml#textFill (producer extension outside the standard; Markup Compatibility permits skipping it) at /word/styles.xml:1:1
  [ignorable] http://schemas.microsoft.com/office/word/2010/wordml#textFill (producer extension outside the standard; Markup Compatibility permits skipping it) at /word/styles.xml:1:1
  [ignorable] http://schemas.microsoft.com/office/word/2010/wordml#textFill (producer extension outside the standard; Markup Compatibility permits skipping it) at /word/styles.xml:1:1
  [ignorable] http://schemas.microsoft.com/office/word/2010/wordml#textFill (producer extension outside the standard; Markup Compatibility permits skipping it) at /word/styles.xml:1:1
  [ignorable] http://schemas.microsoft.com/office/word/2010/wordml#textFill (producer extension outside the standard; Markup Compatibility permits skipping it) at /word/styles.xml:1:1
  [ignorable] http://schemas.microsoft.com/office/word/2010/wordml#textFill (producer extension outside the standard; Markup Compatibility permits skipping it) at /word/styles.xml:1:1
  [ignorable] http://schemas.microsoft.com/office/word/2010/wordml#textFill (producer extension outside the standard; Markup Compatibility permits skipping it) at /word/styles.xml:1:1
  [ignorable] http://schemas.microsoft.com/office/word/2010/wordml#textFill (producer extension outside the standard; Markup Compatibility permits skipping it) at /word/styles.xml:1:1
  [ignorable] http://schemas.microsoft.com/office/word/2010/wordml#textFill (producer extension outside the standard; Markup Compatibility permits skipping it) at /word/styles.xml:1:1
  [ignorable] http://schemas.microsoft.com/office/word/2010/wordml#textFill (producer extension outside the standard; Markup Compatibility permits skipping it) at /word/styles.xml:1:1
  [ignorable] http://schemas.microsoft.com/office/word/2010/wordml#textFill (producer extension outside the standard; Markup Compatibility permits skipping it) at /word/styles.xml:1:1
  [ignorable] http://schemas.microsoft.com/office/word/2010/wordml#textFill (producer extension outside the standard; Markup Compatibility permits skipping it) at /word/styles.xml:1:1
  [ignorable] http://schemas.microsoft.com/office/word/2010/wordml#textFill (producer extension outside the standard; Markup Compatibility permits skipping it) at /word/styles.xml:1:1
  [ignorable] http://schemas.microsoft.com/office/word/2010/wordml#textFill (producer extension outside the standard; Markup Compatibility permits skipping it) at /word/styles.xml:1:1
  [ignorable] http://schemas.microsoft.com/office/word/2010/wordml#textFill (producer extension outside the standard; Markup Compatibility permits skipping it) at /word/styles.xml:1:1
  [ignorable] http://schemas.microsoft.com/office/word/2010/wordml#textFill (producer extension outside the standard; Markup Compatibility permits skipping it) at /word/styles.xml:1:1
  [ignorable] http://schemas.microsoft.com/office/word/2010/wordml#textFill (producer extension outside the standard; Markup Compatibility permits skipping it) at /word/styles.xml:1:1
  [ignorable] http://schemas.microsoft.com/office/word/2010/wordml#textFill (producer extension outside the standard; Markup Compatibility permits skipping it) at /word/styles.xml:1:1
  [ignorable] http://schemas.microsoft.com/office/word/2010/wordml#textFill (producer extension outside the standard; Markup Compatibility permits skipping it) at /word/styles.xml:1:1
  [ignorable] http://schemas.microsoft.com/office/word/2010/wordml#textFill (producer extension outside the standard; Markup Compatibility permits skipping it) at /word/styles.xml:1:1
  [ignorable] http://schemas.microsoft.com/office/word/2010/wordml#textFill (producer extension outside the standard; Markup Compatibility permits skipping it) at /word/styles.xml:1:1
  [ignorable] http://schemas.microsoft.com/office/word/2010/wordml#textFill (producer extension outside the standard; Markup Compatibility permits skipping it) at /word/styles.xml:1:1
  [ignorable] http://schemas.microsoft.com/office/word/2010/wordml#textFill (producer extension outside the standard; Markup Compatibility permits skipping it) at /word/styles.xml:1:1
  [ignorable] http://schemas.microsoft.com/office/word/2010/wordml#textFill (producer extension outside the standard; Markup Compatibility permits skipping it) at /word/styles.xml:1:1
  [ignorable] http://schemas.microsoft.com/office/word/2010/wordml#textFill (producer extension outside the standard; Markup Compatibility permits skipping it) at /word/styles.xml:1:1
  [ignorable] http://schemas.microsoft.com/office/word/2010/wordml#textFill (producer extension outside the standard; Markup Compatibility permits skipping it) at /word/styles.xml:1:1
  [ignorable] http://schemas.microsoft.com/office/word/2010/wordml#textFill (producer extension outside the standard; Markup Compatibility permits skipping it) at /word/styles.xml:1:1
  [ignorable] http://schemas.microsoft.com/office/word/2010/wordml#textFill (producer extension outside the standard; Markup Compatibility permits skipping it) at /word/styles.xml:1:1
  [ignorable] http://schemas.microsoft.com/office/word/2010/wordml#textFill (producer extension outside the standard; Markup Compatibility permits skipping it) at /word/styles.xml:1:1
  [ignorable] http://schemas.microsoft.com/office/word/2010/wordml#textFill (producer extension outside the standard; Markup Compatibility permits skipping it) at /word/styles.xml:1:1
  [ignorable] http://schemas.microsoft.com/office/word/2010/wordml#textFill (producer extension outside the standard; Markup Compatibility permits skipping it) at /word/styles.xml:1:1
  [ignorable] http://schemas.microsoft.com/office/word/2010/wordml#textFill (producer extension outside the standard; Markup Compatibility permits skipping it) at /word/styles.xml:1:1
  [ignorable] http://schemas.microsoft.com/office/word/2010/wordml#textFill (producer extension outside the standard; Markup Compatibility permits skipping it) at /word/styles.xml:1:1
  [ignorable] http://schemas.microsoft.com/office/word/2010/wordml#textFill (producer extension outside the standard; Markup Compatibility permits skipping it) at /word/styles.xml:1:1
  [ignorable] http://schemas.microsoft.com/office/word/2010/wordml#textFill (producer extension outside the standard; Markup Compatibility permits skipping it) at /word/styles.xml:1:1
  [ignorable] http://schemas.microsoft.com/office/word/2010/wordml#textFill (producer extension outside the standard; Markup Compatibility permits skipping it) at /word/styles.xml:1:1
  [ignorable] http://schemas.microsoft.com/office/word/2010/wordml#textFill (producer extension outside the standard; Markup Compatibility permits skipping it) at /word/styles.xml:1:1
  [ignorable] http://schemas.microsoft.com/office/word/2010/wordml#textFill (producer extension outside the standard; Markup Compatibility permits skipping it) at /word/styles.xml:1:1
  [ignorable] http://schemas.microsoft.com/office/word/2010/wordml#textFill (producer extension outside the standard; Markup Compatibility permits skipping it) at /word/styles.xml:1:1
  [ignorable] http://schemas.microsoft.com/office/word/2010/wordml#textFill (producer extension outside the standard; Markup Compatibility permits skipping it) at /word/styles.xml:1:1
  [ignorable] http://schemas.microsoft.com/office/word/2010/wordml#textFill (producer extension outside the standard; Markup Compatibility permits skipping it) at /word/styles.xml:1:1
  [ignorable] http://schemas.microsoft.com/office/word/2010/wordml#textFill (producer extension outside the standard; Markup Compatibility permits skipping it) at /word/styles.xml:1:1
  [ignorable] http://schemas.microsoft.com/office/word/2010/wordml#textFill (producer extension outside the standard; Markup Compatibility permits skipping it) at /word/styles.xml:1:1
  [ignorable] http://schemas.microsoft.com/office/word/2010/wordml#textFill (producer extension outside the standard; Markup Compatibility permits skipping it) at /word/styles.xml:1:1
  [ignorable] http://schemas.microsoft.com/office/word/2010/wordml#textFill (producer extension outside the standard; Markup Compatibility permits skipping it) at /word/styles.xml:1:1
  [ignorable] http://schemas.microsoft.com/office/word/2010/wordml#textFill (producer extension outside the standard; Markup Compatibility permits skipping it) at /word/styles.xml:1:1
  [ignorable] http://schemas.microsoft.com/office/word/2010/wordml#textFill (producer extension outside the standard; Markup Compatibility permits skipping it) at /word/styles.xml:1:1
  [ignorable] http://schemas.microsoft.com/office/word/2010/wordml#textFill (producer extension outside the standard; Markup Compatibility permits skipping it) at /word/styles.xml:1:1
  [ignorable] http://schemas.microsoft.com/office/word/2010/wordml#textFill (producer extension outside the standard; Markup Compatibility permits skipping it) at /word/styles.xml:1:1
  [ignorable] http://schemas.microsoft.com/office/word/2010/wordml#textFill (producer extension outside the standard; Markup Compatibility permits skipping it) at /word/styles.xml:1:1
  [ignorable] http://schemas.microsoft.com/office/word/2010/wordml#textFill (producer extension outside the standard; Markup Compatibility permits skipping it) at /word/styles.xml:1:1
  [ignorable] http://schemas.microsoft.com/office/word/2010/wordml#textFill (producer extension outside the standard; Markup Compatibility permits skipping it) at /word/styles.xml:1:1
  [ignorable] http://schemas.microsoft.com/office/word/2010/wordml#textFill (producer extension outside the standard; Markup Compatibility permits skipping it) at /word/styles.xml:1:1
  [ignorable] http://schemas.microsoft.com/office/word/2010/wordml#textFill (producer extension outside the standard; Markup Compatibility permits skipping it) at /word/styles.xml:1:1
  [ignorable] http://schemas.microsoft.com/office/word/2010/wordml#textFill (producer extension outside the standard; Markup Compatibility permits skipping it) at /word/styles.xml:1:1
  [ignorable] http://schemas.microsoft.com/office/word/2010/wordml#textFill (producer extension outside the standard; Markup Compatibility permits skipping it) at /word/styles.xml:1:1
  [ignorable] http://schemas.microsoft.com/office/word/2010/wordml#textFill (producer extension outside the standard; Markup Compatibility permits skipping it) at /word/styles.xml:1:1
  [ignorable] http://schemas.microsoft.com/office/word/2010/wordml#textFill (producer extension outside the standard; Markup Compatibility permits skipping it) at /word/styles.xml:1:1
  [ignorable] http://schemas.microsoft.com/office/word/2010/wordml#textFill (producer extension outside the standard; Markup Compatibility permits skipping it) at /word/styles.xml:1:1
  [ignorable] http://schemas.microsoft.com/office/word/2010/wordml#textFill (producer extension outside the standard; Markup Compatibility permits skipping it) at /word/styles.xml:1:1
  [ignorable] http://schemas.microsoft.com/office/word/2010/wordml#textFill (producer extension outside the standard; Markup Compatibility permits skipping it) at /word/styles.xml:1:1
  [ignorable] http://schemas.microsoft.com/office/word/2010/wordml#textFill (producer extension outside the standard; Markup Compatibility permits skipping it) at /word/styles.xml:1:1
  [ignorable] http://schemas.microsoft.com/office/word/2010/wordml#textFill (producer extension outside the standard; Markup Compatibility permits skipping it) at /word/styles.xml:1:1
  [ignorable] http://schemas.microsoft.com/office/word/2010/wordml#textFill (producer extension outside the standard; Markup Compatibility permits skipping it) at /word/styles.xml:1:1
  [ignorable] http://schemas.microsoft.com/office/word/2010/wordml#textFill (producer extension outside the standard; Markup Compatibility permits skipping it) at /word/styles.xml:1:1
  [ignorable] http://schemas.microsoft.com/office/word/2010/wordml#textFill (producer extension outside the standard; Markup Compatibility permits skipping it) at /word/styles.xml:1:1
  [ignorable] http://schemas.microsoft.com/office/word/2010/wordml#textFill (producer extension outside the standard; Markup Compatibility permits skipping it) at /word/styles.xml:1:1
  [ignorable] http://schemas.microsoft.com/office/word/2010/wordml#textFill (producer extension outside the standard; Markup Compatibility permits skipping it) at /word/styles.xml:1:1
  [ignorable] http://schemas.microsoft.com/office/word/2010/wordml#textFill (producer extension outside the standard; Markup Compatibility permits skipping it) at /word/styles.xml:1:1
  [ignorable] http://schemas.microsoft.com/office/word/2010/wordml#textFill (producer extension outside the standard; Markup Compatibility permits skipping it) at /word/styles.xml:1:1
  [ignorable] http://schemas.microsoft.com/office/word/2010/wordml#textFill (producer extension outside the standard; Markup Compatibility permits skipping it) at /word/styles.xml:1:1
  [ignorable] http://schemas.microsoft.com/office/word/2010/wordml#textFill (producer extension outside the standard; Markup Compatibility permits skipping it) at /word/styles.xml:1:1
  [ignorable] http://schemas.microsoft.com/office/word/2010/wordml#textFill (producer extension outside the standard; Markup Compatibility permits skipping it) at /word/styles.xml:1:1
  [ignorable] http://schemas.microsoft.com/office/word/2010/wordml#textFill (producer extension outside the standard; Markup Compatibility permits skipping it) at /word/styles.xml:1:1
  [ignorable] http://schemas.microsoft.com/office/word/2010/wordml#textFill (producer extension outside the standard; Markup Compatibility permits skipping it) at /word/styles.xml:1:1
  [ignorable] http://schemas.microsoft.com/office/word/2010/wordml#textFill (producer extension outside the standard; Markup Compatibility permits skipping it) at /word/styles.xml:1:1
  [ignorable] http://schemas.microsoft.com/office/word/2010/wordml#textFill (producer extension outside the standard; Markup Compatibility permits skipping it) at /word/styles.xml:1:1
  [ignorable] http://schemas.microsoft.com/office/word/2010/wordml#textFill (producer extension outside the standard; Markup Compatibility permits skipping it) at /word/styles.xml:1:1
  [ignorable] http://schemas.microsoft.com/office/word/2010/wordml#textFill (producer extension outside the standard; Markup Compatibility permits skipping it) at /word/styles.xml:1:1
  [ignorable] http://schemas.microsoft.com/office/word/2010/wordml#textFill (producer extension outside the standard; Markup Compatibility permits skipping it) at /word/styles.xml:1:1
  [ignorable] http://schemas.microsoft.com/office/word/2010/wordml#textFill (producer extension outside the standard; Markup Compatibility permits skipping it) at /word/styles.xml:1:1
  [ignorable] http://schemas.microsoft.com/office/word/2010/wordml#textFill (producer extension outside the standard; Markup Compatibility permits skipping it) at /word/styles.xml:1:1
  [ignorable] http://schemas.microsoft.com/office/word/2010/wordml#textFill (producer extension outside the standard; Markup Compatibility permits skipping it) at /word/styles.xml:1:1
  [ignorable] http://schemas.microsoft.com/office/word/2010/wordml#textFill (producer extension outside the standard; Markup Compatibility permits skipping it) at /word/styles.xml:1:1
  [ignorable] http://schemas.microsoft.com/office/word/2010/wordml#textFill (producer extension outside the standard; Markup Compatibility permits skipping it) at /word/styles.xml:1:1
  [ignorable] http://schemas.microsoft.com/office/word/2010/wordml#textFill (producer extension outside the standard; Markup Compatibility permits skipping it) at /word/styles.xml:1:1
  [ignorable] http://schemas.microsoft.com/office/word/2010/wordml#textFill (producer extension outside the standard; Markup Compatibility permits skipping it) at /word/styles.xml:1:1
  [ignorable] http://schemas.microsoft.com/office/word/2010/wordml#textFill (producer extension outside the standard; Markup Compatibility permits skipping it) at /word/styles.xml:1:1
  [ignorable] http://schemas.microsoft.com/office/word/2010/wordml#textFill (producer extension outside the standard; Markup Compatibility permits skipping it) at /word/styles.xml:1:1
  [ignorable] http://schemas.microsoft.com/office/word/2010/wordml#textFill (producer extension outside the standard; Markup Compatibility permits skipping it) at /word/styles.xml:1:1
  [ignorable] http://schemas.microsoft.com/office/word/2010/wordml#textFill (producer extension outside the standard; Markup Compatibility permits skipping it) at /word/styles.xml:1:1
  [ignorable] http://schemas.microsoft.com/office/word/2010/wordml#textFill (producer extension outside the standard; Markup Compatibility permits skipping it) at /word/styles.xml:1:1
  [ignorable] http://schemas.microsoft.com/office/word/2010/wordml#textFill (producer extension outside the standard; Markup Compatibility permits skipping it) at /word/styles.xml:1:1
  [ignorable] http://schemas.microsoft.com/office/word/2010/wordml#textFill (producer extension outside the standard; Markup Compatibility permits skipping it) at /word/styles.xml:1:1
  [ignorable] http://schemas.microsoft.com/office/word/2010/wordml#textFill (producer extension outside the standard; Markup Compatibility permits skipping it) at /word/styles.xml:1:1
  [ignorable] http://schemas.microsoft.com/office/word/2010/wordml#textFill (producer extension outside the standard; Markup Compatibility permits skipping it) at /word/styles.xml:1:1
  [ignorable] http://schemas.microsoft.com/office/word/2010/wordml#textFill (producer extension outside the standard; Markup Compatibility permits skipping it) at /word/styles.xml:1:1
  [ignorable] http://schemas.microsoft.com/office/word/2010/wordml#textFill (producer extension outside the standard; Markup Compatibility permits skipping it) at /word/styles.xml:1:1
  [ignorable] http://schemas.microsoft.com/office/word/2010/wordml#textFill (producer extension outside the standard; Markup Compatibility permits skipping it) at /word/styles.xml:1:1
  [ignorable] http://schemas.microsoft.com/office/word/2010/wordml#textFill (producer extension outside the standard; Markup Compatibility permits skipping it) at /word/styles.xml:1:1
  [ignorable] http://schemas.microsoft.com/office/word/2010/wordml#textFill (producer extension outside the standard; Markup Compatibility permits skipping it) at /word/styles.xml:1:1
  [ignorable] http://schemas.microsoft.com/office/word/2010/wordml#textFill (producer extension outside the standard; Markup Compatibility permits skipping it) at /word/styles.xml:1:1
  [ignorable] http://schemas.microsoft.com/office/word/2010/wordml#textFill (producer extension outside the standard; Markup Compatibility permits skipping it) at /word/styles.xml:1:1
  [ignorable] http://schemas.microsoft.com/office/word/2010/wordml#textFill (producer extension outside the standard; Markup Compatibility permits skipping it) at /word/styles.xml:1:1
  [ignorable] http://schemas.microsoft.com/office/word/2010/wordml#textFill (producer extension outside the standard; Markup Compatibility permits skipping it) at /word/styles.xml:1:1
  [ignorable] http://schemas.microsoft.com/office/word/2010/wordml#textFill (producer extension outside the standard; Markup Compatibility permits skipping it) at /word/styles.xml:1:1
  [ignorable] http://schemas.microsoft.com/office/word/2010/wordml#textFill (producer extension outside the standard; Markup Compatibility permits skipping it) at /word/styles.xml:1:1
  [ignorable] http://schemas.microsoft.com/office/word/2010/wordml#textFill (producer extension outside the standard; Markup Compatibility permits skipping it) at /word/styles.xml:1:1
  [ignorable] http://schemas.microsoft.com/office/word/2010/wordml#textFill (producer extension outside the standard; Markup Compatibility permits skipping it) at /word/styles.xml:1:1
  [ignorable] http://schemas.microsoft.com/office/word/2010/wordml#textFill (producer extension outside the standard; Markup Compatibility permits skipping it) at /word/styles.xml:1:1
  [ignorable] http://schemas.microsoft.com/office/word/2010/wordml#textFill (producer extension outside the standard; Markup Compatibility permits skipping it) at /word/styles.xml:1:1
  [ignorable] http://schemas.microsoft.com/office/word/2010/wordml#textFill (producer extension outside the standard; Markup Compatibility permits skipping it) at /word/styles.xml:1:1
  [ignorable] http://schemas.microsoft.com/office/word/2010/wordml#textFill (producer extension outside the standard; Markup Compatibility permits skipping it) at /word/styles.xml:1:1
  [ignorable] http://schemas.microsoft.com/office/word/2010/wordml#textFill (producer extension outside the standard; Markup Compatibility permits skipping it) at /word/styles.xml:1:1
  [ignorable] http://schemas.microsoft.com/office/word/2010/wordml#textFill (producer extension outside the standard; Markup Compatibility permits skipping it) at /word/styles.xml:1:1
  [ignorable] http://schemas.microsoft.com/office/word/2010/wordml#textFill (producer extension outside the standard; Markup Compatibility permits skipping it) at /word/styles.xml:1:1
  [ignorable] http://schemas.microsoft.com/office/word/2010/wordml#textFill (producer extension outside the standard; Markup Compatibility permits skipping it) at /word/styles.xml:1:1
  [ignorable] http://schemas.microsoft.com/office/word/2010/wordml#textFill (producer extension outside the standard; Markup Compatibility permits skipping it) at /word/styles.xml:1:1
  [ignorable] http://schemas.microsoft.com/office/word/2010/wordml#textFill (producer extension outside the standard; Markup Compatibility permits skipping it) at /word/styles.xml:1:1
  [ignorable] http://schemas.microsoft.com/office/word/2010/wordml#textFill (producer extension outside the standard; Markup Compatibility permits skipping it) at /word/styles.xml:1:1
  [ignorable] http://schemas.microsoft.com/office/word/2010/wordml#textFill (producer extension outside the standard; Markup Compatibility permits skipping it) at /word/styles.xml:1:1
  [ignorable] http://schemas.microsoft.com/office/word/2010/wordml#textFill (producer extension outside the standard; Markup Compatibility permits skipping it) at /word/styles.xml:1:1
  [ignorable] http://schemas.microsoft.com/office/word/2010/wordml#textFill (producer extension outside the standard; Markup Compatibility permits skipping it) at /word/styles.xml:1:1
  [ignorable] http://schemas.microsoft.com/office/word/2010/wordml#textFill (producer extension outside the standard; Markup Compatibility permits skipping it) at /word/styles.xml:1:1
  [ignorable] http://schemas.microsoft.com/office/word/2010/wordml#textFill (producer extension outside the standard; Markup Compatibility permits skipping it) at /word/styles.xml:1:1
  [ignorable] http://schemas.microsoft.com/office/word/2010/wordml#textFill (producer extension outside the standard; Markup Compatibility permits skipping it) at /word/styles.xml:1:1
  [ignorable] http://schemas.microsoft.com/office/word/2010/wordml#textFill (producer extension outside the standard; Markup Compatibility permits skipping it) at /word/styles.xml:1:1
  [ignorable] http://schemas.microsoft.com/office/word/2010/wordml#textFill (producer extension outside the standard; Markup Compatibility permits skipping it) at /word/styles.xml:1:1
  [ignorable] http://schemas.microsoft.com/office/word/2010/wordml#textFill (producer extension outside the standard; Markup Compatibility permits skipping it) at /word/styles.xml:1:1
  [ignorable] http://schemas.microsoft.com/office/word/2010/wordml#textFill (producer extension outside the standard; Markup Compatibility permits skipping it) at /word/styles.xml:1:1
  [ignorable] http://schemas.microsoft.com/office/word/2010/wordml#textFill (producer extension outside the standard; Markup Compatibility permits skipping it) at /word/styles.xml:1:1
  [ignorable] http://schemas.microsoft.com/office/word/2010/wordml#textFill (producer extension outside the standard; Markup Compatibility permits skipping it) at /word/styles.xml:1:1
  [ignorable] http://schemas.microsoft.com/office/word/2010/wordml#textFill (producer extension outside the standard; Markup Compatibility permits skipping it) at /word/styles.xml:1:1
  [ignorable] http://schemas.microsoft.com/office/word/2010/wordml#textFill (producer extension outside the standard; Markup Compatibility permits skipping it) at /word/styles.xml:1:1
  [ignorable] http://schemas.microsoft.com/office/word/2010/wordml#textFill (producer extension outside the standard; Markup Compatibility permits skipping it) at /word/styles.xml:1:1
  [ignorable] http://schemas.microsoft.com/office/word/2010/wordml#textFill (producer extension outside the standard; Markup Compatibility permits skipping it) at /word/styles.xml:1:1
  [ignorable] http://schemas.microsoft.com/office/word/2010/wordml#textFill (producer extension outside the standard; Markup Compatibility permits skipping it) at /word/styles.xml:1:1
  [ignorable] http://schemas.microsoft.com/office/word/2010/wordml#textFill (producer extension outside the standard; Markup Compatibility permits skipping it) at /word/styles.xml:1:1
  [ignorable] http://schemas.microsoft.com/office/word/2010/wordml#textFill (producer extension outside the standard; Markup Compatibility permits skipping it) at /word/styles.xml:1:1
  [ignorable] http://schemas.microsoft.com/office/word/2010/wordml#textFill (producer extension outside the standard; Markup Compatibility permits skipping it) at /word/styles.xml:1:1
  [ignorable] http://schemas.microsoft.com/office/word/2010/wordml#textFill (producer extension outside the standard; Markup Compatibility permits skipping it) at /word/styles.xml:1:1
  [ignorable] http://schemas.microsoft.com/office/word/2010/wordml#textFill (producer extension outside the standard; Markup Compatibility permits skipping it) at /word/styles.xml:1:1
  [ignorable] http://schemas.microsoft.com/office/word/2010/wordml#textFill (producer extension outside the standard; Markup Compatibility permits skipping it) at /word/styles.xml:1:1
  [ignorable] http://schemas.microsoft.com/office/word/2010/wordml#textFill (producer extension outside the standard; Markup Compatibility permits skipping it) at /word/styles.xml:1:1
  [ignorable] http://schemas.microsoft.com/office/word/2010/wordml#textFill (producer extension outside the standard; Markup Compatibility permits skipping it) at /word/styles.xml:1:1
  [ignorable] http://schemas.microsoft.com/office/word/2010/wordml#textFill (producer extension outside the standard; Markup Compatibility permits skipping it) at /word/styles.xml:1:1
  [ignorable] http://schemas.microsoft.com/office/word/2010/wordml#textFill (producer extension outside the standard; Markup Compatibility permits skipping it) at /word/styles.xml:1:1
  [ignorable] http://schemas.microsoft.com/office/word/2010/wordml#textFill (producer extension outside the standard; Markup Compatibility permits skipping it) at /word/styles.xml:1:1
  [ignorable] http://schemas.microsoft.com/office/word/2010/wordml#textFill (producer extension outside the standard; Markup Compatibility permits skipping it) at /word/styles.xml:1:1
  [ignorable] http://schemas.microsoft.com/office/word/2010/wordml#textFill (producer extension outside the standard; Markup Compatibility permits skipping it) at /word/styles.xml:1:1
  [ignorable] http://schemas.microsoft.com/office/word/2010/wordml#textFill (producer extension outside the standard; Markup Compatibility permits skipping it) at /word/styles.xml:1:1
  [ignorable] http://schemas.microsoft.com/office/word/2010/wordml#textFill (producer extension outside the standard; Markup Compatibility permits skipping it) at /word/styles.xml:1:1
  [ignorable] http://schemas.microsoft.com/office/word/2010/wordml#textFill (producer extension outside the standard; Markup Compatibility permits skipping it) at /word/styles.xml:1:1
  [ignorable] http://schemas.microsoft.com/office/word/2010/wordml#textFill (producer extension outside the standard; Markup Compatibility permits skipping it) at /word/styles.xml:1:1
  [ignorable] http://schemas.microsoft.com/office/word/2010/wordml#textFill (producer extension outside the standard; Markup Compatibility permits skipping it) at /word/styles.xml:1:1
  [ignorable] http://schemas.microsoft.com/office/word/2010/wordml#textFill (producer extension outside the standard; Markup Compatibility permits skipping it) at /word/styles.xml:1:1
  [ignorable] http://schemas.microsoft.com/office/word/2010/wordml#textFill (producer extension outside the standard; Markup Compatibility permits skipping it) at /word/styles.xml:1:1
  [ignorable] http://schemas.microsoft.com/office/word/2010/wordml#textFill (producer extension outside the standard; Markup Compatibility permits skipping it) at /word/styles.xml:1:1
  [ignorable] http://schemas.microsoft.com/office/word/2010/wordml#textFill (producer extension outside the standard; Markup Compatibility permits skipping it) at /word/styles.xml:1:1
  [ignorable] http://schemas.microsoft.com/office/word/2010/wordml#textFill (producer extension outside the standard; Markup Compatibility permits skipping it) at /word/styles.xml:1:1
  [ignorable] http://schemas.microsoft.com/office/word/2010/wordml#textFill (producer extension outside the standard; Markup Compatibility permits skipping it) at /word/styles.xml:1:1
  [ignorable] http://schemas.microsoft.com/office/word/2010/wordml#textFill (producer extension outside the standard; Markup Compatibility permits skipping it) at /word/styles.xml:1:1
  [ignorable] http://schemas.microsoft.com/office/word/2010/wordml#textFill (producer extension outside the standard; Markup Compatibility permits skipping it) at /word/styles.xml:1:1
  [ignorable] http://schemas.microsoft.com/office/word/2010/wordml#textFill (producer extension outside the standard; Markup Compatibility permits skipping it) at /word/styles.xml:1:1
  [ignorable] http://schemas.microsoft.com/office/word/2010/wordml#textFill (producer extension outside the standard; Markup Compatibility permits skipping it) at /word/styles.xml:1:1
  [ignorable] http://schemas.microsoft.com/office/word/2010/wordml#textFill (producer extension outside the standard; Markup Compatibility permits skipping it) at /word/styles.xml:1:1
  [ignorable] http://schemas.microsoft.com/office/word/2010/wordml#textFill (producer extension outside the standard; Markup Compatibility permits skipping it) at /word/styles.xml:1:1
  [ignorable] http://schemas.microsoft.com/office/word/2010/wordml#textFill (producer extension outside the standard; Markup Compatibility permits skipping it) at /word/styles.xml:1:1
  [ignorable] http://schemas.microsoft.com/office/word/2010/wordml#textFill (producer extension outside the standard; Markup Compatibility permits skipping it) at /word/styles.xml:1:1
  [ignorable] http://schemas.microsoft.com/office/word/2010/wordml#textFill (producer extension outside the standard; Markup Compatibility permits skipping it) at /word/styles.xml:1:1
  [ignorable] http://schemas.microsoft.com/office/word/2010/wordml#textFill (producer extension outside the standard; Markup Compatibility permits skipping it) at /word/styles.xml:1:1
  [ignorable] http://schemas.microsoft.com/office/word/2010/wordml#textFill (producer extension outside the standard; Markup Compatibility permits skipping it) at /word/styles.xml:1:1
  [ignorable] http://schemas.microsoft.com/office/word/2010/wordml#textFill (producer extension outside the standard; Markup Compatibility permits skipping it) at /word/styles.xml:1:1
  [ignorable] http://schemas.microsoft.com/office/word/2010/wordml#textFill (producer extension outside the standard; Markup Compatibility permits skipping it) at /word/styles.xml:1:1
  [ignorable] http://schemas.microsoft.com/office/word/2010/wordml#textFill (producer extension outside the standard; Markup Compatibility permits skipping it) at /word/styles.xml:1:1
  [ignorable] http://schemas.microsoft.com/office/word/2010/wordml#textFill (producer extension outside the standard; Markup Compatibility permits skipping it) at /word/styles.xml:1:1
  [ignorable] http://schemas.microsoft.com/office/word/2010/wordml#textFill (producer extension outside the standard; Markup Compatibility permits skipping it) at /word/styles.xml:1:1
  [ignorable] http://schemas.microsoft.com/office/word/2010/wordml#textFill (producer extension outside the standard; Markup Compatibility permits skipping it) at /word/styles.xml:1:1
  [ignorable] http://schemas.microsoft.com/office/word/2010/wordml#textFill (producer extension outside the standard; Markup Compatibility permits skipping it) at /word/styles.xml:1:1
  [ignorable] http://schemas.microsoft.com/office/word/2010/wordml#textFill (producer extension outside the standard; Markup Compatibility permits skipping it) at /word/styles.xml:1:1
  [ignorable] http://schemas.microsoft.com/office/word/2010/wordml#textFill (producer extension outside the standard; Markup Compatibility permits skipping it) at /word/styles.xml:1:1
  [ignorable] http://schemas.microsoft.com/office/word/2010/wordml#textFill (producer extension outside the standard; Markup Compatibility permits skipping it) at /word/styles.xml:1:1
  [ignorable] http://schemas.microsoft.com/office/word/2010/wordml#textFill (producer extension outside the standard; Markup Compatibility permits skipping it) at /word/styles.xml:1:1
  [ignorable] http://schemas.microsoft.com/office/word/2010/wordml#textFill (producer extension outside the standard; Markup Compatibility permits skipping it) at /word/styles.xml:1:1
  [ignorable] http://schemas.microsoft.com/office/word/2010/wordml#textFill (producer extension outside the standard; Markup Compatibility permits skipping it) at /word/styles.xml:1:1
  [ignorable] http://schemas.microsoft.com/office/word/2010/wordml#textFill (producer extension outside the standard; Markup Compatibility permits skipping it) at /word/styles.xml:1:1
  [ignorable] http://schemas.microsoft.com/office/word/2010/wordml#textFill (producer extension outside the standard; Markup Compatibility permits skipping it) at /word/styles.xml:1:1
  [ignorable] http://schemas.microsoft.com/office/word/2010/wordml#textFill (producer extension outside the standard; Markup Compatibility permits skipping it) at /word/styles.xml:1:1
  [ignorable] http://schemas.microsoft.com/office/word/2010/wordml#textFill (producer extension outside the standard; Markup Compatibility permits skipping it) at /word/styles.xml:1:1
  [ignorable] http://schemas.microsoft.com/office/word/2010/wordml#textFill (producer extension outside the standard; Markup Compatibility permits skipping it) at /word/styles.xml:1:1
  [ignorable] http://schemas.microsoft.com/office/word/2010/wordml#textFill (producer extension outside the standard; Markup Compatibility permits skipping it) at /word/styles.xml:1:1
  [ignorable] http://schemas.microsoft.com/office/word/2010/wordml#textFill (producer extension outside the standard; Markup Compatibility permits skipping it) at /word/styles.xml:1:1
  [ignorable] http://schemas.microsoft.com/office/word/2010/wordml#textFill (producer extension outside the standard; Markup Compatibility permits skipping it) at /word/styles.xml:1:1
  [ignorable] http://schemas.microsoft.com/office/word/2010/wordml#textFill (producer extension outside the standard; Markup Compatibility permits skipping it) at /word/styles.xml:1:1
  [ignorable] http://schemas.microsoft.com/office/word/2010/wordml#textFill (producer extension outside the standard; Markup Compatibility permits skipping it) at /word/styles.xml:1:1
  [ignorable] http://schemas.microsoft.com/office/word/2010/wordml#textFill (producer extension outside the standard; Markup Compatibility permits skipping it) at /word/styles.xml:1:1
  [ignorable] http://schemas.microsoft.com/office/word/2010/wordml#textFill (producer extension outside the standard; Markup Compatibility permits skipping it) at /word/styles.xml:1:1
  [ignorable] http://schemas.microsoft.com/office/word/2010/wordml#textFill (producer extension outside the standard; Markup Compatibility permits skipping it) at /word/styles.xml:1:1
  [ignorable] http://schemas.microsoft.com/office/word/2010/wordml#textFill (producer extension outside the standard; Markup Compatibility permits skipping it) at /word/styles.xml:1:1
  [ignorable] http://schemas.microsoft.com/office/word/2010/wordml#textFill (producer extension outside the standard; Markup Compatibility permits skipping it) at /word/styles.xml:1:1
  [ignorable] http://schemas.microsoft.com/office/word/2010/wordml#textFill (producer extension outside the standard; Markup Compatibility permits skipping it) at /word/styles.xml:1:1
  [ignorable] http://schemas.microsoft.com/office/word/2010/wordml#textFill (producer extension outside the standard; Markup Compatibility permits skipping it) at /word/styles.xml:1:1
  [ignorable] http://schemas.microsoft.com/office/word/2010/wordml#textFill (producer extension outside the standard; Markup Compatibility permits skipping it) at /word/styles.xml:1:1
  [ignorable] http://schemas.microsoft.com/office/word/2010/wordml#textFill (producer extension outside the standard; Markup Compatibility permits skipping it) at /word/styles.xml:1:1
  [ignorable] http://schemas.microsoft.com/office/word/2010/wordml#textFill (producer extension outside the standard; Markup Compatibility permits skipping it) at /word/styles.xml:1:1
  [ignorable] /word/theme/theme1.xml (namespace prefix wps is bound to http://schemas.microsoft.com/office/word/2010/wordprocessingShape, which is neither the Strict form of a registered family nor an extension this pipeline removes) at /word/theme/theme1.xml:1:1
