warning: rendered with 3 unsupported/error mechanism(s)
normalization: conformance=unknown
  T1.namespace x28: http://schemas.openxmlformats.org/officeDocument/2006/relationships -> http://purl.oclc.org/ooxml/officeDocument/relationships
  T1.namespace-decl x324
  T2.reltype x1104: http://schemas.openxmlformats.org/officeDocument/2006/relationships/extended-properties -> http://purl.oclc.org/ooxml/officeDocument/relationships/extendedProperties
  T3.rename x2473
  T4.measure x5: 0 -> 0pt
  T4.percent x1: 100 -> 100%
  T4.value x2449: left -> start
  T5.extension-attribute x289
  T6.mce x7
  ignorable: 94
  [ignorable] /word/document.xml (namespace prefix wpc is bound to http://schemas.microsoft.com/office/word/2010/wordprocessingCanvas, which is neither the Strict form of a registered family nor an extension this pipeline removes) at /word/document.xml:1:1
  [ignorable] /word/document.xml (namespace prefix cx is bound to http://schemas.microsoft.com/office/drawing/2014/chartex, which is neither the Strict form of a registered family nor an extension this pipeline removes) at /word/document.xml:1:1
  [ignorable] /word/document.xml (namespace prefix cx1 is bound to http://schemas.microsoft.com/office/drawing/2015/9/8/chartex, which is neither the Strict form of a registered family nor an extension this pipeline removes) at /word/document.xml:1:1
  [ignorable] /word/document.xml (namespace prefix cx2 is bound to http://schemas.microsoft.com/office/drawing/2015/10/21/chartex, which is neither the Strict form of a registered family nor an extension this pipeline removes) at /word/document.xml:1:1
  [ignorable] /word/document.xml (namespace prefix cx3 is bound to http://schemas.microsoft.com/office/drawing/2016/5/9/chartex, which is neither the Strict form of a registered family nor an extension this pipeline removes) at /word/document.xml:1:1
  [ignorable] /word/document.xml (namespace prefix cx4 is bound to http://schemas.microsoft.com/office/drawing/2016/5/10/chartex, which is neither the Strict form of a registered family nor an extension this pipeline removes) at /word/document.xml:1:1
  [ignorable] /word/document.xml (namespace prefix cx5 is bound to http://schemas.microsoft.com/office/drawing/2016/5/11/chartex, which is neither the Strict form of a registered family nor an extension this pipeline removes) at /word/document.xml:1:1
  [ignorable] /word/document.xml (namespace prefix cx6 is bound to http://schemas.microsoft.com/office/drawing/2016/5/12/chartex, which is neither the Strict form of a registered family nor an extension this pipeline removes) at /word/document.xml:1:1
  [ignorable] /word/document.xml (namespace prefix cx7 is bound to http://schemas.microsoft.com/office/drawing/2016/5/13/chartex, which is neither the Strict form of a registered family nor an extension this pipeline removes) at /word/document.xml:1:1
  [ignorable] /word/document.xml (namespace prefix cx8 is bound to http://schemas.microsoft.com/office/drawing/2016/5/14/chartex, which is neither the Strict form of a registered family nor an extension this pipeline removes) at /word/document.xml:1:1
  [ignorable] /word/document.xml (namespace prefix aink is bound to http://schemas.microsoft.com/office/drawing/2016/ink, which is neither the Strict form of a registered family nor an extension this pipeline removes) at /word/document.xml:1:1
  [ignorable] /word/document.xml (namespace prefix am3d is bound to http://schemas.microsoft.com/office/drawing/2017/model3d, which is neither the Strict form of a registered family nor an extension this pipeline removes) at /word/document.xml:1:1
  [ignorable] /word/document.xml (namespace prefix wp14 is bound to http://schemas.microsoft.com/office/word/2010/wordprocessingDrawing, which is neither the Strict form of a registered family nor an extension this pipeline removes) at /word/document.xml:1:1
  [ignorable] /word/document.xml (namespace prefix w16cid is bound to http://schemas.microsoft.com/office/word/2016/wordml/cid, which is neither the Strict form of a registered family nor an extension this pipeline removes) at /word/document.xml:1:1
  [ignorable] /word/document.xml (namespace prefix w16se is bound to http://schemas.microsoft.com/office/word/2015/wordml/symex, which is neither the Strict form of a registered family nor an extension this pipeline removes) at /word/document.xml:1:1
  [ignorable] /word/document.xml (namespace prefix wpg is bound to http://schemas.microsoft.com/office/word/2010/wordprocessingGroup, which is neither the Strict form of a registered family nor an extension this pipeline removes) at /word/document.xml:1:1
  [ignorable] /word/document.xml (namespace prefix wpi is bound to http://schemas.microsoft.com/office/word/2010/wordprocessingInk, which is neither the Strict form of a registered family nor an extension this pipeline removes) at /word/document.xml:1:1
  [ignorable] /word/document.xml (namespace prefix wne is bound to http://schemas.microsoft.com/office/word/2006/wordml, which is neither the Strict form of a registered family nor an extension this pipeline removes) at /word/document.xml:1:1
  [ignorable] /word/document.xml (namespace prefix wps is bound to http://schemas.microsoft.com/office/word/2010/wordprocessingShape, which is neither the Strict form of a registered family nor an extension this pipeline removes) at /word/document.xml:1:1
  [ignorable] /word/document.xml (namespace prefix a14 is bound to http://schemas.microsoft.com/office/drawing/2010/main, which is neither the Strict form of a registered family nor an extension this pipeline removes) at /word/document.xml:1:1
  [ignorable] /word/document.xml (an mc:Ignorable survived T6; Strict conformance is defined on the post-MCE part (ECMA-376 Part 1 §2.1 clause (ii))) at /word/document.xml:1:1
  [ignorable] /word/endnotes.xml (namespace prefix wpc is bound to http://schemas.microsoft.com/office/word/2010/wordprocessingCanvas, which is neither the Strict form of a registered family nor an extension this pipeline removes) at /word/endnotes.xml:1:1
  [ignorable] /word/endnotes.xml (namespace prefix cx is bound to http://schemas.microsoft.com/office/drawing/2014/chartex, which is neither the Strict form of a registered family nor an extension this pipeline removes) at /word/endnotes.xml:1:1
  [ignorable] /word/endnotes.xml (namespace prefix cx1 is bound to http://schemas.microsoft.com/office/drawing/2015/9/8/chartex, which is neither the Strict form of a registered family nor an extension this pipeline removes) at /word/endnotes.xml:1:1
  [ignorable] /word/endnotes.xml (namespace prefix cx2 is bound to http://schemas.microsoft.com/office/drawing/2015/10/21/chartex, which is neither the Strict form of a registered family nor an extension this pipeline removes) at /word/endnotes.xml:1:1
  [ignorable] /word/endnotes.xml (namespace prefix cx3 is bound to http://schemas.microsoft.com/office/drawing/2016/5/9/chartex, which is neither the Strict form of a registered family nor an extension this pipeline removes) at /word/endnotes.xml:1:1
  [ignorable] /word/endnotes.xml (namespace prefix cx4 is bound to http://schemas.microsoft.com/office/drawing/2016/5/10/chartex, which is neither the Strict form of a registered family nor an extension this pipeline removes) at /word/endnotes.xml:1:1
  [ignorable] /word/endnotes.xml (namespace prefix cx5 is bound to http://schemas.microsoft.com/office/drawing/2016/5/11/chartex, which is neither the Strict form of a registered family nor an extension this pipeline removes) at /word/endnotes.xml:1:1
  [ignorable] /word/endnotes.xml (namespace prefix cx6 is bound to http://schemas.microsoft.com/office/drawing/2016/5/12/chartex, which is neither the Strict form of a registered family nor an extension this pipeline removes) at /word/endnotes.xml:1:1
  [ignorable] /word/endnotes.xml (namespace prefix cx7 is bound to http://schemas.microsoft.com/office/drawing/2016/5/13/chartex, which is neither the Strict form of a registered family nor an extension this pipeline removes) at /word/endnotes.xml:1:1
  [ignorable] /word/endnotes.xml (namespace prefix cx8 is bound to http://schemas.microsoft.com/office/drawing/2016/5/14/chartex, which is neither the Strict form of a registered family nor an extension this pipeline removes) at /word/endnotes.xml:1:1
  [ignorable] /word/endnotes.xml (namespace prefix aink is bound to http://schemas.microsoft.com/office/drawing/2016/ink, which is neither the Strict form of a registered family nor an extension this pipeline removes) at /word/endnotes.xml:1:1
  [ignorable] /word/endnotes.xml (namespace prefix am3d is bound to http://schemas.microsoft.com/office/drawing/2017/model3d, which is neither the Strict form of a registered family nor an extension this pipeline removes) at /word/endnotes.xml:1:1
  [ignorable] /word/endnotes.xml (namespace prefix wp14 is bound to http://schemas.microsoft.com/office/word/2010/wordprocessingDrawing, which is neither the Strict form of a registered family nor an extension this pipeline removes) at /word/endnotes.xml:1:1
  [ignorable] /word/endnotes.xml (namespace prefix w16cid is bound to http://schemas.microsoft.com/office/word/2016/wordml/cid, which is neither the Strict form of a registered family nor an extension this pipeline removes) at /word/endnotes.xml:1:1
  [ignorable] /word/endnotes.xml (namespace prefix w16se is bound to http://schemas.microsoft.com/office/word/2015/wordml/symex, which is neither the Strict form of a registered family nor an extension this pipeline removes) at /word/endnotes.xml:1:1
  [ignorable] /word/endnotes.xml (namespace prefix wpg is bound to http://schemas.microsoft.com/office/word/2010/wordprocessingGroup, which is neither the Strict form of a registered family nor an extension this pipeline removes) at /word/endnotes.xml:1:1
  [ignorable] /word/endnotes.xml (namespace prefix wpi is bound to http://schemas.microsoft.com/office/word/2010/wordprocessingInk, which is neither the Strict form of a registered family nor an extension this pipeline removes) at /word/endnotes.xml:1:1
  [ignorable] /word/endnotes.xml (namespace prefix wne is bound to http://schemas.microsoft.com/office/word/2006/wordml, which is neither the Strict form of a registered family nor an extension this pipeline removes) at /word/endnotes.xml:1:1
  [ignorable] /word/endnotes.xml (namespace prefix wps is bound to http://schemas.microsoft.com/office/word/2010/wordprocessingShape, which is neither the Strict form of a registered family nor an extension this pipeline removes) at /word/endnotes.xml:1:1
  [ignorable] /word/fontTable.xml (namespace prefix w16cid is bound to http://schemas.microsoft.com/office/word/2016/wordml/cid, which is neither the Strict form of a registered family nor an extension this pipeline removes) at /word/fontTable.xml:1:1
  [ignorable] /word/fontTable.xml (namespace prefix w16se is bound to http://schemas.microsoft.com/office/word/2015/wordml/symex, which is neither the Strict form of a registered family nor an extension this pipeline removes) at /word/fontTable.xml:1:1
  [ignorable] /word/footnotes.xml (namespace prefix wpc is bound to http://schemas.microsoft.com/office/word/2010/wordprocessingCanvas, which is neither the Strict form of a registered family nor an extension this pipeline removes) at /word/footnotes.xml:1:1
  [ignorable] /word/footnotes.xml (namespace prefix cx is bound to http://schemas.microsoft.com/office/drawing/2014/chartex, which is neither the Strict form of a registered family nor an extension this pipeline removes) at /word/footnotes.xml:1:1
  [ignorable] /word/footnotes.xml (namespace prefix cx1 is bound to http://schemas.microsoft.com/office/drawing/2015/9/8/chartex, which is neither the Strict form of a registered family nor an extension this pipeline removes) at /word/footnotes.xml:1:1
  [ignorable] /word/footnotes.xml (namespace prefix cx2 is bound to http://schemas.microsoft.com/office/drawing/2015/10/21/chartex, which is neither the Strict form of a registered family nor an extension this pipeline removes) at /word/footnotes.xml:1:1
  [ignorable] /word/footnotes.xml (namespace prefix cx3 is bound to http://schemas.microsoft.com/office/drawing/2016/5/9/chartex, which is neither the Strict form of a registered family nor an extension this pipeline removes) at /word/footnotes.xml:1:1
  [ignorable] /word/footnotes.xml (namespace prefix cx4 is bound to http://schemas.microsoft.com/office/drawing/2016/5/10/chartex, which is neither the Strict form of a registered family nor an extension this pipeline removes) at /word/footnotes.xml:1:1
  [ignorable] /word/footnotes.xml (namespace prefix cx5 is bound to http://schemas.microsoft.com/office/drawing/2016/5/11/chartex, which is neither the Strict form of a registered family nor an extension this pipeline removes) at /word/footnotes.xml:1:1
  [ignorable] /word/footnotes.xml (namespace prefix cx6 is bound to http://schemas.microsoft.com/office/drawing/2016/5/12/chartex, which is neither the Strict form of a registered family nor an extension this pipeline removes) at /word/footnotes.xml:1:1
  [ignorable] /word/footnotes.xml (namespace prefix cx7 is bound to http://schemas.microsoft.com/office/drawing/2016/5/13/chartex, which is neither the Strict form of a registered family nor an extension this pipeline removes) at /word/footnotes.xml:1:1
  [ignorable] /word/footnotes.xml (namespace prefix cx8 is bound to http://schemas.microsoft.com/office/drawing/2016/5/14/chartex, which is neither the Strict form of a registered family nor an extension this pipeline removes) at /word/footnotes.xml:1:1
  [ignorable] /word/footnotes.xml (namespace prefix aink is bound to http://schemas.microsoft.com/office/drawing/2016/ink, which is neither the Strict form of a registered family nor an extension this pipeline removes) at /word/footnotes.xml:1:1
  [ignorable] /word/footnotes.xml (namespace prefix am3d is bound to http://schemas.microsoft.com/office/drawing/2017/model3d, which is neither the Strict form of a registered family nor an extension this pipeline removes) at /word/footnotes.xml:1:1
  [ignorable] /word/footnotes.xml (namespace prefix wp14 is bound to http://schemas.microsoft.com/office/word/2010/wordprocessingDrawing, which is neither the Strict form of a registered family nor an extension this pipeline removes) at /word/footnotes.xml:1:1
  [ignorable] /word/footnotes.xml (namespace prefix w16cid is bound to http://schemas.microsoft.com/office/word/2016/wordml/cid, which is neither the Strict form of a registered family nor an extension this pipeline removes) at /word/footnotes.xml:1:1
  [ignorable] /word/footnotes.xml (namespace prefix w16se is bound to http://schemas.microsoft.com/office/word/2015/wordml/symex, which is neither the Strict form of a registered family nor an extension this pipeline removes) at /word/footnotes.xml:1:1
  [ignorable] /word/footnotes.xml (namespace prefix wpg is bound to http://schemas.microsoft.com/office/word/2010/wordprocessingGroup, which is neither the Strict form of a registered family nor an extension this pipeline removes) at /word/footnotes.xml:1:1
  [ignorable] /word/footnotes.xml (namespace prefix wpi is bound to http://schemas.microsoft.com/office/word/2010/wordprocessingInk, which is neither the Strict form of a registered family nor an extension this pipeline removes) at /word/footnotes.xml:1:1
  [ignorable] /word/footnotes.xml (namespace prefix wne is bound to http://schemas.microsoft.com/office/word/2006/wordml, which is neither the Strict form of a registered family nor an extension this pipeline removes) at /word/footnotes.xml:1:1
  [ignorable] /word/footnotes.xml (namespace prefix wps is bound to http://schemas.microsoft.com/office/word/2010/wordprocessingShape, which is neither the Strict form of a registered family nor an extension this pipeline removes) at /word/footnotes.xml:1:1
  [ignorable] /word/numbering.xml (namespace prefix wpc is bound to http://schemas.microsoft.com/office/word/2010/wordprocessingCanvas, which is neither the Strict form of a registered family nor an extension this pipeline removes) at /word/numbering.xml:1:1
  [ignorable] /word/numbering.xml (namespace prefix cx is bound to http://schemas.microsoft.com/office/drawing/2014/chartex, which is neither the Strict form of a registered family nor an extension this pipeline removes) at /word/numbering.xml:1:1
  [ignorable] /word/numbering.xml (namespace prefix cx1 is bound to http://schemas.microsoft.com/office/drawing/2015/9/8/chartex, which is neither the Strict form of a registered family nor an extension this pipeline removes) at /word/numbering.xml:1:1
  [ignorable] /word/numbering.xml (namespace prefix cx2 is bound to http://schemas.microsoft.com/office/drawing/2015/10/21/chartex, which is neither the Strict form of a registered family nor an extension this pipeline removes) at /word/numbering.xml:1:1
  [ignorable] /word/numbering.xml (namespace prefix cx3 is bound to http://schemas.microsoft.com/office/drawing/2016/5/9/chartex, which is neither the Strict form of a registered family nor an extension this pipeline removes) at /word/numbering.xml:1:1
  [ignorable] /word/numbering.xml (namespace prefix cx4 is bound to http://schemas.microsoft.com/office/drawing/2016/5/10/chartex, which is neither the Strict form of a registered family nor an extension this pipeline removes) at /word/numbering.xml:1:1
  [ignorable] /word/numbering.xml (namespace prefix cx5 is bound to http://schemas.microsoft.com/office/drawing/2016/5/11/chartex, which is neither the Strict form of a registered family nor an extension this pipeline removes) at /word/numbering.xml:1:1
  [ignorable] /word/numbering.xml (namespace prefix cx6 is bound to http://schemas.microsoft.com/office/drawing/2016/5/12/chartex, which is neither the Strict form of a registered family nor an extension this pipeline removes) at /word/numbering.xml:1:1
  [ignorable] /word/numbering.xml (namespace prefix cx7 is bound to http://schemas.microsoft.com/office/drawing/2016/5/13/chartex, which is neither the Strict form of a registered family nor an extension this pipeline removes) at /word/numbering.xml:1:1
  [ignorable] /word/numbering.xml (namespace prefix cx8 is bound to http://schemas.microsoft.com/office/drawing/2016/5/14/chartex, which is neither the Strict form of a registered family nor an extension this pipeline removes) at /word/numbering.xml:1:1
  [ignorable] /word/numbering.xml (namespace prefix aink is bound to http://schemas.microsoft.com/office/drawing/2016/ink, which is neither the Strict form of a registered family nor an extension this pipeline removes) at /word/numbering.xml:1:1
  [ignorable] /word/numbering.xml (namespace prefix am3d is bound to http://schemas.microsoft.com/office/drawing/2017/model3d, which is neither the Strict form of a registered family nor an extension this pipeline removes) at /word/numbering.xml:1:1
  [ignorable] /word/numbering.xml (namespace prefix wp14 is bound to http://schemas.microsoft.com/office/word/2010/wordprocessingDrawing, which is neither the Strict form of a registered family nor an extension this pipeline removes) at /word/numbering.xml:1:1
  [ignorable] /word/numbering.xml (namespace prefix w16cid is bound to http://schemas.microsoft.com/office/word/2016/wordml/cid, which is neither the Strict form of a registered family nor an extension this pipeline removes) at /word/numbering.xml:1:1
  [ignorable] /word/numbering.xml (namespace prefix w16se is bound to http://schemas.microsoft.com/office/word/2015/wordml/symex, which is neither the Strict form of a registered family nor an extension this pipeline removes) at /word/numbering.xml:1:1
  [ignorable] /word/numbering.xml (namespace prefix wpg is bound to http://schemas.microsoft.com/office/word/2010/wordprocessingGroup, which is neither the Strict form of a registered family nor an extension this pipeline removes) at /word/numbering.xml:1:1
  [ignorable] /word/numbering.xml (namespace prefix wpi is bound to http://schemas.microsoft.com/office/word/2010/wordprocessingInk, which is neither the Strict form of a registered family nor an extension this pipeline removes) at /word/numbering.xml:1:1
  [ignorable] /word/numbering.xml (namespace prefix wne is bound to http://schemas.microsoft.com/office/word/2006/wordml, which is neither the Strict form of a registered family nor an extension this pipeline removes) at /word/numbering.xml:1:1
  [ignorable] /word/numbering.xml (namespace prefix wps is bound to http://schemas.microsoft.com/office/word/2010/wordprocessingShape, which is neither the Strict form of a registered family nor an extension this pipeline removes) at /word/numbering.xml:1:1
  [ignorable] /word/settings.xml (namespace prefix w16cid is bound to http://schemas.microsoft.com/office/word/2016/wordml/cid, which is neither the Strict form of a registered family nor an extension this pipeline removes) at /word/settings.xml:1:1
  [ignorable] /word/settings.xml (namespace prefix w16se is bound to http://schemas.microsoft.com/office/word/2015/wordml/symex, which is neither the Strict form of a registered family nor an extension this pipeline removes) at /word/settings.xml:1:1
  [ignorable] /word/settings.xml (namespace prefix sl is bound to http://schemas.openxmlformats.org/schemaLibrary/2006/main, which is neither the Strict form of a registered family nor an extension this pipeline removes) at /word/settings.xml:1:1
  [ignorable] http://purl.oclc.org/ooxml/wordprocessingml/main#hdrShapeDefaults (Transitional-only header shape defaults; Strict does not declare it) at /word/settings.xml:1:1
  [ignorable] http://purl.oclc.org/ooxml/wordprocessingml/main#shapeDefaults (Transitional-only default shape properties; Strict does not declare it) at /word/settings.xml:1:1
  [ignorable] http://schemas.microsoft.com/office/word/2010/wordml#docId (producer extension outside the standard; Markup Compatibility permits skipping it) at /word/settings.xml:1:1
  [ignorable] http://schemas.microsoft.com/office/word/2012/wordml#chartTrackingRefBased (producer extension outside the standard; Markup Compatibility permits skipping it) at /word/settings.xml:1:1
  [ignorable] http://schemas.microsoft.com/office/word/2012/wordml#docId (producer extension outside the standard; Markup Compatibility permits skipping it) at /word/settings.xml:1:1
  [ignorable] /word/styles.xml (namespace prefix w16cid is bound to http://schemas.microsoft.com/office/word/2016/wordml/cid, which is neither the Strict form of a registered family nor an extension this pipeline removes) at /word/styles.xml:1:1
  [ignorable] /word/styles.xml (namespace prefix w16se is bound to http://schemas.microsoft.com/office/word/2015/wordml/symex, which is neither the Strict form of a registered family nor an extension this pipeline removes) at /word/styles.xml:1:1
  [ignorable] http://schemas.microsoft.com/office/word/2010/wordml#textFill (producer extension outside the standard; Markup Compatibility permits skipping it) at /word/styles.xml:1:1
  [ignorable] http://schemas.microsoft.com/office/word/2010/wordml#textFill (producer extension outside the standard; Markup Compatibility permits skipping it) at /word/styles.xml:1:1
  [ignorable] /word/theme/theme1.xml (namespace prefix wps is bound to http://schemas.microsoft.com/office/word/2010/wordprocessingShape, which is neither the Strict form of a registered family nor an extension this pipeline removes) at /word/theme/theme1.xml:1:1
  [ignorable] /word/theme/theme1.xml (namespace prefix thm15 is bound to http://schemas.microsoft.com/office/thememl/2012/main, which is neither the Strict form of a registered family nor an extension this pipeline removes) at /word/theme/theme1.xml:1:1
