warning: rendered with 6 unsupported/error mechanism(s)
normalization: conformance=unknown
  T1.namespace x157: http://schemas.openxmlformats.org/officeDocument/2006/relationships -> http://purl.oclc.org/ooxml/officeDocument/relationships
  T1.namespace-decl x18
  T2.reltype x60: http://schemas.openxmlformats.org/officeDocument/2006/relationships/extended-properties -> http://purl.oclc.org/ooxml/officeDocument/relationships/extendedProperties
  T3.rename x236
  T4.measure x5: 0 -> 0pt
  T4.percent x1: 100 -> 100%
  T4.value x353: right -> end
  T6.mce x5
  ignorable: 45
  lossy: 1
  [lossy] http://schemas.microsoft.com/office/2007/relationships/stylesWithEffects (http://schemas.microsoft.com/office/2007/relationships/stylesWithEffects has no Strict relationship type at all (Strict declares no equivalent part); the Transitional URI is kept rather than invented) at /word/_rels/document.xml.rels:1:1
  [ignorable] /word/document.xml (namespace prefix wpc is bound to http://schemas.microsoft.com/office/word/2010/wordprocessingCanvas, which is neither the Strict form of a registered family nor an extension this pipeline removes) at /word/document.xml:1:1
  [ignorable] /word/document.xml (namespace prefix wp14 is bound to http://schemas.microsoft.com/office/word/2010/wordprocessingDrawing, which is neither the Strict form of a registered family nor an extension this pipeline removes) at /word/document.xml:1:1
  [ignorable] /word/document.xml (namespace prefix wpg is bound to http://schemas.microsoft.com/office/word/2010/wordprocessingGroup, which is neither the Strict form of a registered family nor an extension this pipeline removes) at /word/document.xml:1:1
  [ignorable] /word/document.xml (namespace prefix wpi is bound to http://schemas.microsoft.com/office/word/2010/wordprocessingInk, which is neither the Strict form of a registered family nor an extension this pipeline removes) at /word/document.xml:1:1
  [ignorable] /word/document.xml (namespace prefix wne is bound to http://schemas.microsoft.com/office/word/2006/wordml, which is neither the Strict form of a registered family nor an extension this pipeline removes) at /word/document.xml:1:1
  [ignorable] /word/document.xml (namespace prefix wps is bound to http://schemas.microsoft.com/office/word/2010/wordprocessingShape, which is neither the Strict form of a registered family nor an extension this pipeline removes) at /word/document.xml:1:1
  [ignorable] /word/document.xml (namespace prefix a14 is bound to http://schemas.microsoft.com/office/drawing/2010/main, which is neither the Strict form of a registered family nor an extension this pipeline removes) at /word/document.xml:1:1
  [ignorable] /word/document.xml (namespace prefix a14 is bound to http://schemas.microsoft.com/office/drawing/2010/main, which is neither the Strict form of a registered family nor an extension this pipeline removes) at /word/document.xml:1:1
  [ignorable] /word/document.xml (namespace prefix a14 is bound to http://schemas.microsoft.com/office/drawing/2010/main, which is neither the Strict form of a registered family nor an extension this pipeline removes) at /word/document.xml:1:1
  [ignorable] /word/document.xml (namespace prefix a14 is bound to http://schemas.microsoft.com/office/drawing/2010/main, which is neither the Strict form of a registered family nor an extension this pipeline removes) at /word/document.xml:1:1
  [ignorable] /word/document.xml (namespace prefix a14 is bound to http://schemas.microsoft.com/office/drawing/2010/main, which is neither the Strict form of a registered family nor an extension this pipeline removes) at /word/document.xml:1:1
  [ignorable] /word/document.xml (namespace prefix a14 is bound to http://schemas.microsoft.com/office/drawing/2010/main, which is neither the Strict form of a registered family nor an extension this pipeline removes) at /word/document.xml:1:1
  [ignorable] /word/document.xml (namespace prefix a14 is bound to http://schemas.microsoft.com/office/drawing/2010/main, which is neither the Strict form of a registered family nor an extension this pipeline removes) at /word/document.xml:1:1
  [ignorable] /word/document.xml (namespace prefix a14 is bound to http://schemas.microsoft.com/office/drawing/2010/main, which is neither the Strict form of a registered family nor an extension this pipeline removes) at /word/document.xml:1:1
  [ignorable] /word/document.xml (namespace prefix a14 is bound to http://schemas.microsoft.com/office/drawing/2010/main, which is neither the Strict form of a registered family nor an extension this pipeline removes) at /word/document.xml:1:1
  [ignorable] /word/document.xml (namespace prefix a14 is bound to http://schemas.microsoft.com/office/drawing/2010/main, which is neither the Strict form of a registered family nor an extension this pipeline removes) at /word/document.xml:1:1
  [ignorable] /word/document.xml (namespace prefix a14 is bound to http://schemas.microsoft.com/office/drawing/2010/main, which is neither the Strict form of a registered family nor an extension this pipeline removes) at /word/document.xml:1:1
  [ignorable] /word/document.xml (namespace prefix a14 is bound to http://schemas.microsoft.com/office/drawing/2010/main, which is neither the Strict form of a registered family nor an extension this pipeline removes) at /word/document.xml:1:1
  [ignorable] /word/document.xml (namespace prefix a14 is bound to http://schemas.microsoft.com/office/drawing/2010/main, which is neither the Strict form of a registered family nor an extension this pipeline removes) at /word/document.xml:1:1
  [ignorable] /word/document.xml (namespace prefix a14 is bound to http://schemas.microsoft.com/office/drawing/2010/main, which is neither the Strict form of a registered family nor an extension this pipeline removes) at /word/document.xml:1:1
  [ignorable] /word/document.xml (namespace prefix a14 is bound to http://schemas.microsoft.com/office/drawing/2010/main, which is neither the Strict form of a registered family nor an extension this pipeline removes) at /word/document.xml:1:1
  [ignorable] /word/document.xml (namespace prefix a14 is bound to http://schemas.microsoft.com/office/drawing/2010/main, which is neither the Strict form of a registered family nor an extension this pipeline removes) at /word/document.xml:1:1
  [ignorable] /word/document.xml (namespace prefix a14 is bound to http://schemas.microsoft.com/office/drawing/2010/main, which is neither the Strict form of a registered family nor an extension this pipeline removes) at /word/document.xml:1:1
  [ignorable] /word/document.xml (namespace prefix a14 is bound to http://schemas.microsoft.com/office/drawing/2010/main, which is neither the Strict form of a registered family nor an extension this pipeline removes) at /word/document.xml:1:1
  [ignorable] /word/document.xml (namespace prefix a14 is bound to http://schemas.microsoft.com/office/drawing/2010/main, which is neither the Strict form of a registered family nor an extension this pipeline removes) at /word/document.xml:1:1
  [ignorable] /word/document.xml (namespace prefix a14 is bound to http://schemas.microsoft.com/office/drawing/2010/main, which is neither the Strict form of a registered family nor an extension this pipeline removes) at /word/document.xml:1:1
  [ignorable] /word/document.xml (namespace prefix a14 is bound to http://schemas.microsoft.com/office/drawing/2010/main, which is neither the Strict form of a registered family nor an extension this pipeline removes) at /word/document.xml:1:1
  [ignorable] /word/document.xml (namespace prefix a14 is bound to http://schemas.microsoft.com/office/drawing/2010/main, which is neither the Strict form of a registered family nor an extension this pipeline removes) at /word/document.xml:1:1
  [ignorable] /word/document.xml (namespace prefix a14 is bound to http://schemas.microsoft.com/office/drawing/2010/main, which is neither the Strict form of a registered family nor an extension this pipeline removes) at /word/document.xml:1:1
  [ignorable] /word/document.xml (namespace prefix a14 is bound to http://schemas.microsoft.com/office/drawing/2010/main, which is neither the Strict form of a registered family nor an extension this pipeline removes) at /word/document.xml:1:1
  [ignorable] /word/document.xml (namespace prefix a14 is bound to http://schemas.microsoft.com/office/drawing/2010/main, which is neither the Strict form of a registered family nor an extension this pipeline removes) at /word/document.xml:1:1
  [ignorable] /word/document.xml (namespace prefix a14 is bound to http://schemas.microsoft.com/office/drawing/2010/main, which is neither the Strict form of a registered family nor an extension this pipeline removes) at /word/document.xml:1:1
  [ignorable] /word/document.xml (namespace prefix a14 is bound to http://schemas.microsoft.com/office/drawing/2010/main, which is neither the Strict form of a registered family nor an extension this pipeline removes) at /word/document.xml:1:1
  [ignorable] /word/document.xml (namespace prefix a14 is bound to http://schemas.microsoft.com/office/drawing/2010/main, which is neither the Strict form of a registered family nor an extension this pipeline removes) at /word/document.xml:1:1
  [ignorable] /word/document.xml (namespace prefix a14 is bound to http://schemas.microsoft.com/office/drawing/2010/main, which is neither the Strict form of a registered family nor an extension this pipeline removes) at /word/document.xml:1:1
  [ignorable] /word/document.xml (an mc:Ignorable survived T6; Strict conformance is defined on the post-MCE part (ECMA-376 Part 1 §2.1 clause (ii))) at /word/document.xml:1:1
  [ignorable] /word/numbering.xml (namespace prefix wpc is bound to http://schemas.microsoft.com/office/word/2010/wordprocessingCanvas, which is neither the Strict form of a registered family nor an extension this pipeline removes) at /word/numbering.xml:1:1
  [ignorable] /word/numbering.xml (namespace prefix wp14 is bound to http://schemas.microsoft.com/office/word/2010/wordprocessingDrawing, which is neither the Strict form of a registered family nor an extension this pipeline removes) at /word/numbering.xml:1:1
  [ignorable] /word/numbering.xml (namespace prefix wpg is bound to http://schemas.microsoft.com/office/word/2010/wordprocessingGroup, which is neither the Strict form of a registered family nor an extension this pipeline removes) at /word/numbering.xml:1:1
  [ignorable] /word/numbering.xml (namespace prefix wpi is bound to http://schemas.microsoft.com/office/word/2010/wordprocessingInk, which is neither the Strict form of a registered family nor an extension this pipeline removes) at /word/numbering.xml:1:1
  [ignorable] /word/numbering.xml (namespace prefix wne is bound to http://schemas.microsoft.com/office/word/2006/wordml, which is neither the Strict form of a registered family nor an extension this pipeline removes) at /word/numbering.xml:1:1
  [ignorable] /word/numbering.xml (namespace prefix wps is bound to http://schemas.microsoft.com/office/word/2010/wordprocessingShape, which is neither the Strict form of a registered family nor an extension this pipeline removes) at /word/numbering.xml:1:1
  [ignorable] /word/settings.xml (namespace prefix sl is bound to http://schemas.openxmlformats.org/schemaLibrary/2006/main, which is neither the Strict form of a registered family nor an extension this pipeline removes) at /word/settings.xml:1:1
  [ignorable] http://purl.oclc.org/ooxml/wordprocessingml/main#shapeDefaults (Transitional-only default shape properties; Strict does not declare it) at /word/settings.xml:1:1
  [ignorable] /word/theme/theme1.xml (namespace prefix wps is bound to http://schemas.microsoft.com/office/word/2010/wordprocessingShape, which is neither the Strict form of a registered family nor an extension this pipeline removes) at /word/theme/theme1.xml:1:1
