D:\projects\StrictLib\xtool\xsd-gate\xsd_gate.py:811: FutureWarning: Truth-testing of elements was a source of confusion and will always return True in future versions. Use specific 'len(elem)' or 'elem is not None' test instead.
  node = types.get(name) or groups.get(name)
==============================================================================
xsd-gate 1.0.0
schema:  ECMA-376-1 5th edition, OfficeOpenXML-XMLSchema-Strict (5th edition, December 2016)
         sha256 9d0bcad9cf06054785b03762fcfadbf6bab7e54a5f9d69434e34b7fd464d4129  (43501721 bytes)
oracle:  lxml (6, 0, 1, 0), libxml2 (2, 11, 9), python 3.13.5
corpus:  D:\projects\StrictLib\strict-ooxml-core\tests\strict
schemas: cache C:\Users\gamer\AppData\Local\cache\strict-ooxml\xsd-gate\fixed
schemas: 2133 drivers compiled, 0 failures
roots:   0 declared UNCOVERED (prefixed root type, G12)
control: ok   valid: 0 schema violation(s) - a minimal w:document, which must come out clean
control: ok   invalid: 1 schema violation(s) - a w:pPr with w:pBdr before w:tabs, which xsd:sequence forbids - the defect this gate exists to find, and the one the project made most of
control: ok   extension: 0 schema violation(s) - a w:p carrying w14:paraId with mc:Ignorable declared, which an MCE processor removes and the gate must therefore NOT count as a schema violation
control: ok   no-mce-declared: 0 schema violation(s) - the same w:p with w14:paraId and NO mc:Ignorable: still an extension, because conformance is defined after MCE and the declaration changes nothing about the namespace. If this one ever counted as ours, the basket would be deciding on politeness rather than on the standard
control: ok   prefixed-valid: 0 schema violation(s) - a cx:cNvSpPr carrying the a:spLocks its type requires - a root whose TYPE is a prefixed QName, which is the case 13 roots were wrongly excused on
control: ok   prefixed-invalid: 1 schema violation(s) - the same root with a child that is not in its type: drop the driver's import and this is accepted, so this is the control that would have caught it

=== the writer's order tables against the schema (G21)
  PPR       CT_PPr       schema 36 child(ren), table 36
  SETTINGS  CT_Settings  schema 96 child(ren), table 96
  SECTPR    EG_SectPrContents schema 22 child(ren), table 22
  TBLPR     CT_TblPr     schema 18 child(ren), table 18
  TCPR      CT_TcPr      schema 14 child(ren), table 14
  TRPR      CT_TrPr      schema 15 child(ren), table 15
  STYLE     CT_Style     schema 22 child(ren), table 22
  LVL       CT_Lvl       schema 11 child(ren), table 11
  ok: the order is stated once and matches
writer:  target/release/strict-ooxml.exe (named on the command line, not rebuilt)
writing: target/release/strict-ooxml.exe
writing: 26 package(s) written into target/acceptance-rework-review-2026-10-05/strict-written; 12 of them with a non-empty loss report
writing: REFUSED annotation-ref-sdk-mixed-rels.docx: error: mixed Strict/Transitional conformance: both Strict and Transitional signals were detected

document                                        IN   OUT   delta
  05-strict-math-simple.docx                     4     0      -4
  06-strict-math-display.docx                    4     0      -4
  07-strict-drawingml-shapes.docx                4     0      -4
  09-strict-math-drawing-chart.docx              6     2      -4
  10-strict-math-eqarr.docx                      4     0      -4
  annotation-ref-sdk-mixed-rels.docx            62   refused
  lo-strict.docx                                 3     3      +0
  lo-tdf116410.docx                              0     0      +0
  lo-tdf79272-strictdxa.docx                     0     0      +0
  sdk-customxml-special-chars.docx              62     0     -62
  sdk-ftr-bookmark.docx                         61     0     -61
  sdk-instrtext-eq-array.docx                   60     0     -60
  sdk-numfmt-decimalfullstop.docx               81     0     -81
  sdk-sectpr-rsid.docx                          63     0     -63
  sdk-shd-tbl-pct5.docx                         72     0     -72
  sdk-tbllayout.docx                            69     0     -69
  sdk-text-direction-tbrl.docx                  63     0     -63
  strict-math.docx                               0     0      +0
  strict-profile.docx                            4     3      -1
  strict-sample-docx.docx                        0     0      +0
  strict-smartart.docx                           1     0      -1
  strict-stage5.docx                             0     0      +0
  strict-stage5b.docx                            0     0      +0
  strict-stage5c.docx                            6     0      -6
  strict-text-grid.docx                          0     0      +0
  strict-text.docx                               0     0      +0
  strict01-sdk.docx                              9     3      -6
  TOTAL                                        638    11    -627

parts not covered by the ECMA set (G10): 232 part(s), and 0 root(s) with no driver - both listed, never counted green

=== skipped parts, by the reason there is no validator for them
    167  OPC, not ECMA-376 Part 1
     43  coreProperties: namespace not in the ECMA set (http://schemas.openxmlformats.org/package/2006/metadata/core-properties)
      8  drawing: namespace not in the ECMA set (http://schemas.microsoft.com/office/drawing/2008/diagram)
      4  colorStyle: namespace not in the ECMA set (http://schemas.microsoft.com/office/drawing/2012/chartStyle)
      4  chartStyle: namespace not in the ECMA set (http://schemas.microsoft.com/office/drawing/2012/chartStyle)
      2  people: namespace not in the ECMA set (http://schemas.microsoft.com/office/word/2012/wordml)
      2  CoverPageProperties: namespace not in the ECMA set (http://schemas.microsoft.com/office/2006/coverPageProps)
      2  commentsEx: namespace not in the ECMA set (http://schemas.microsoft.com/office/word/2012/wordml)
packages our writer refused outright: 1

=== our output, by element: 11 violation(s), 3 distinct element(s)
  gapWidth             4
  lblOffset            4
  overlap              3

=== registry (`XS-nn` closes on a measured zero, never on a code review)
  XS-01   ours      NOT_EXERCISED w:fontTable: w:family and w:pitch written without their required w:val
  XS-02   ours      NOT_EXERCISED a:fmtScheme: four style lists written empty, and each list requires content
  XS-03   ours      NOT_EXERCISED a:fontScheme: majorFont/minorFont without the mandatory a:ea
  XS-04   ours      NOT_EXERCISED wp:wrapNone/wrapTopAndBottom carry @distL/@distR, which Strict's empty CT_WrapNone forbids
  XS-08   ours      NOT_EXERCISED w:pgMar without w:gutter/w:header/w:footer, all three use="required"
  XS-09   ours      NOT_EXERCISED CT_TblWidth/@w written as bare twips; the union accepts only a percentage or a universal measure
  XS-06   ours      NOT_EXERCISED w:settings: children out of CT_Settings' xsd:sequence order
  XS-07   ours      NOT_EXERCISED w:pPr, w:tblPr and w:style children out of xsd:sequence order
  XS-23   ours      NOT_EXERCISED border and margin edges under two names: Strict keeps left/right in CT_PBdr and renames them start/end in CT_TblBorders/CT_TcBorders/CT_TcMar
  XS-05   ours      NOT_EXERCISED ST_DecimalNumberOrPercent written without the % sign
  XS-11   ours      NOT_EXERCISED a:srcRect edges written without the % sign
  XS-26   ours      NOT_EXERCISED enumeration written with its Transitional spelling (w:textDirection 'tbRl' where Strict has 'lrV')
  XS-20   ours      NOT_EXERCISED w:bookmarkStart without its mandatory w:name
  XS-21   ours      NOT_EXERCISED wp:positionH/V without @relativeFrom and without an align or posOffset child
  XS-22   ours      NOT_EXERCISED wp:wrapSquare without @wrapText, and with it written in the WML namespace
  XS-12   ours      NOT_EXERCISED OMML enumeration written with a value outside the schema's set ('skew' for 'skw', 'ctr' for 'center')
  XS-13   ours      NOT_EXERCISED m:chr longer than maxLength 1 (a combining sequence)
  XS-14   ours      NOT_EXERCISED text directly inside an element-only OMML argument; it belongs in m:r/m:t
  XS-15   ours      NOT_EXERCISED OMML children out of their CT_* xsd:sequence order
  XS-16   source    CARRIED 11   chart parts: c:gapWidth/c:overlap/c:lblOffset rejected by ST_GapAmount/ST_Overlap/ST_LblOffset, invalid in the INPUT and carried verbatim
  XS-17   extension NOT_EXERCISED w14:paraId/w14:textId in a Strict package - ADR-0014; the gate files these in the extension basket, and `strict-ooxml-write/tests/strict_conformance.rs` is the gate that holds the zero
  XS-18   extension NOT_EXERCISED wps:wsp inside a:graphicData, whose Strict wildcard is processContents="strict" - ADR-0014
  XS-19   extension NOT_EXERCISED wp14:anchorId/@editId and w:txbxContent in a vendor namespace - ADR-0014

uncovered roots (0), by schema:

measured: documents=27 validated=26 missing=0 refused=1 unmatched=0 ours=0 source=11

PASS: no schema violation of ours; 11 source violation(s) are carried and the output is not schema-clean
      (source violations are carried from the producer's own markup and are not schema-clean. XS-16 is that mark, not a repair.)
